AI CHESSATHON MATCH LOG
=======================

MATCH
  Round          Rated 74
  Team           IDK
  Colour         Black
  Opponent       0x88
  Opening        Pirc Defence
  Start FEN      rnbq1rk1/ppp1ppbp/3p1np1/8/P2PP3/2N2N2/1PP1BPPP/R1BQK2R b KQ - 0 6
  You moved      First
  Machine        w-02013e
  Finished       2026-09-08 20:28:20 UTC
  Match ID       3a4ebe38-60db-4d24-a833-a4be93196715

INIT
  Ready in       0.8 s
  Budget         90.0 s
  Used           1 percent

CLOCK
  Base           120.0 s plus 0.5 s per move
  Moves          38
  Time used      78.1 s
  Slowest        5.4 s on move 26
  Fastest        0.8 s on move 31
  Average        2.1 s
  Left at end    60.9 s

RESULT
  Won by checkmate
  Game lasted 196.9 s

MOVES
    #  move          time     clock left
    1  d5            3.4 s      117.1 s
    2  Bf5           1.1 s      116.5 s
    3  Re8           1.3 s      115.7 s
    4  exf6          3.3 s      113.0 s
    5  c6            1.5 s      112.0 s
    6  Bc8           2.3 s      110.2 s
    7  Nxc6          1.5 s      109.2 s
    8  Ne5           2.4 s      107.4 s
    9  fxe5          1.2 s      106.7 s
   10  Rf8           3.3 s      103.9 s
   11  Rxe8          1.8 s      102.5 s
   12  Qd6           2.5 s      100.5 s
   13  Qb4           2.9 s       98.1 s
   14  f5            1.3 s       97.2 s
   15  Qxb2          2.5 s       95.2 s
   16  Rd8           3.2 s       92.5 s
   17  Raxc8         1.1 s       92.0 s
   18  Qd4           1.3 s       91.2 s
   19  Qg4           1.5 s       90.1 s
   20  Qh4           2.0 s       88.6 s
   21  Rd7           2.1 s       87.0 s
   22  Rcd8          1.6 s       85.9 s
   23  Qh5           1.5 s       85.0 s
   24  Kh8           2.7 s       82.8 s
   25  b6            2.3 s       81.0 s
   26  axb6          5.4 s       76.1 s
   27  Ra8           2.4 s       74.2 s
   28  Raxa7         2.8 s       71.9 s
   29  Rxa7          1.7 s       70.7 s
   30  Bf6           1.4 s       69.8 s
   31  Bd8           0.8 s       69.5 s
   32  Kg8           1.1 s       68.9 s
   33  Kf7           0.9 s       68.5 s
   34  Qh6           1.8 s       67.2 s
   35  Qxh3          4.5 s       63.2 s
   36  Rxd7          1.3 s       62.4 s
   37  Rd1+          1.1 s       61.8 s
   38  Rxe1#         1.4 s       60.9 s

OUTPUT
  Nothing written to stderr

Email hello@aichessathon.com with this file if anything here is unclear.
