AI CHESSATHON MATCH LOG
=======================

MATCH
  Round          Rated 60
  Team           IDK
  Colour         White
  Opponent       ScholarsMate
  Opening        French Tarrasch
  Start FEN      rn2kb1r/pp1q1ppp/5n2/2pp4/3P4/7P/PPPN1PP1/R1BQK1NR w KQkq - 0 8
  You moved      First
  Machine        w-52d6d4
  Finished       2026-09-07 21:35:31 UTC
  Match ID       da8b5353-2ae2-466c-bb54-730675b6e1a8

INIT
  Ready in       0.5 s
  Budget         90.0 s
  Used           1 percent

CLOCK
  Base           120.0 s plus 0.5 s per move
  Moves          117
  Time used      152.7 s
  Slowest        4.8 s on move 4
  Fastest        0.3 s on move 105
  Average        1.3 s
  Left at end    25.8 s

RESULT
  Drawn by fifty moves
  Game lasted 320.9 s

MOVES
    #  move          time     clock left
    1  Qe2+          3.5 s      117.0 s
    2  Ngf3          4.5 s      113.0 s
    3  O-O           4.5 s      109.1 s
    4  dxc5          4.8 s      104.8 s
    5  Nb3           1.4 s      103.8 s
    6  Nxc5          2.9 s      101.4 s
    7  Nxd7          1.4 s      100.5 s
    8  Bd2           2.2 s       98.8 s
    9  Nxe5          2.6 s       96.8 s
   10  Bc3           1.6 s       95.6 s
   11  Rad1          1.8 s       94.3 s
   12  Rfe1          4.4 s       90.4 s
   13  Bxe1          4.0 s       86.9 s
   14  b4            2.2 s       85.1 s
   15  h4            2.7 s       83.0 s
   16  f4            2.8 s       80.7 s
   17  f5            3.4 s       77.8 s
   18  f6            1.4 s       76.9 s
   19  Kh2           0.8 s       76.6 s
   20  Bc3           1.1 s       76.0 s
   21  Be1           2.0 s       74.5 s
   22  Kg3           0.9 s       74.1 s
   23  Rd2           1.7 s       72.9 s
   24  Kf3           2.0 s       71.3 s
   25  a3            1.2 s       70.7 s
   26  Ke2           2.4 s       68.7 s
   27  Kf1           0.8 s       68.4 s
   28  Rd1           2.1 s       66.7 s
   29  c3            1.3 s       65.9 s
   30  Bxc3          2.2 s       64.3 s
   31  Bd2           1.8 s       62.9 s
   32  Ke2           1.3 s       62.1 s
   33  Kf2           1.1 s       61.5 s
   34  Be3           0.8 s       61.2 s
   35  Rd6           1.6 s       60.0 s
   36  Bc5           1.3 s       59.3 s
   37  Bxa7          1.2 s       58.6 s
   38  Rd5           1.0 s       58.1 s
   39  Rd3           1.2 s       57.3 s
   40  Ke2           1.2 s       56.7 s
   41  Bc5           2.2 s       55.0 s
   42  Rb3           0.6 s       54.8 s
   43  Rb2           1.0 s       54.4 s
   44  g3            1.5 s       53.4 s
   45  gxh4          1.1 s       52.8 s
   46  Bxb4          0.9 s       52.4 s
   47  Bd2           0.9 s       52.0 s
   48  Rb6+          0.6 s       51.9 s
   49  Bg5           1.0 s       51.4 s
   50  Bxf6          2.0 s       49.9 s
   51  Kf3           0.9 s       49.4 s
   52  Ke2           0.9 s       49.1 s
   53  Bc3+          0.6 s       48.9 s
   54  Rb2           0.8 s       48.6 s
   55  Kd3           1.2 s       47.9 s
   56  Kd4           1.5 s       46.9 s
   57  Kd5           0.8 s       46.6 s
   58  Rb8           1.3 s       45.8 s
   59  Rg8+          1.0 s       45.2 s
   60  Bf6           0.9 s       44.9 s
   61  Rg7           1.1 s       44.2 s
   62  Re7           0.9 s       43.9 s
   63  Ke6           0.9 s       43.4 s
   64  Rc7           0.9 s       43.0 s
   65  Bxd4          0.8 s       42.7 s
   66  Rc5           0.4 s       42.8 s
   67  Rxf5          0.8 s       42.5 s
   68  Rf7           1.1 s       41.9 s
   69  Rg7+          1.4 s       40.9 s
   70  Rf7+          0.7 s       40.7 s
   71  Kf6           1.0 s       40.2 s
   72  Rb7           0.5 s       40.3 s
   73  Kg6           1.2 s       39.6 s
   74  Rf7           0.8 s       39.3 s
   75  Rf5           0.5 s       39.3 s
   76  Kf6           1.2 s       38.6 s
   77  Rc5           0.5 s       38.6 s
   78  Rc8           1.5 s       37.6 s
   79  Rc4+          1.8 s       36.3 s
   80  Rc3+          0.5 s       36.3 s
   81  Rc7           1.4 s       35.4 s
   82  Rc3+          0.7 s       35.2 s
   83  Rc7           1.2 s       34.5 s
   84  Kg6           1.1 s       33.8 s
   85  Rc3+          0.9 s       33.4 s
   86  Rc8           0.4 s       33.5 s
   87  Kf5           0.9 s       33.1 s
   88  Kg6           0.5 s       33.1 s
   89  Kf7           0.8 s       32.8 s
   90  Kf6           0.7 s       32.6 s
   91  Kg6           1.4 s       31.7 s
   92  Kf6           0.4 s       31.9 s
   93  Kf7           0.6 s       31.8 s
   94  Kg6           0.8 s       31.4 s
   95  Rc3+          0.5 s       31.4 s
   96  Rc7           0.5 s       31.5 s
   97  Rc3+          1.3 s       30.7 s
   98  Rc8           0.7 s       30.5 s
   99  Kf7           0.7 s       30.3 s
  100  Rc3+          0.4 s       30.4 s
  101  Rd3           0.7 s       30.3 s
  102  Rd8           0.8 s       30.0 s
  103  Kf6           1.6 s       28.9 s
  104  Kg6           1.2 s       28.2 s
  105  Re8+          0.3 s       28.3 s
  106  Rd8           0.7 s       28.2 s
  107  Kf7           0.4 s       28.3 s
  108  Kg6           0.4 s       28.4 s
  109  Kf6           1.6 s       27.3 s
  110  Rd3           0.5 s       27.3 s
  111  Kf7           0.5 s       27.3 s
  112  Kf6           1.0 s       26.8 s
  113  Kf7           0.6 s       26.7 s
  114  Kg6           0.5 s       26.7 s
  115  Kf6           0.5 s       26.6 s
  116  Rd8           0.6 s       26.5 s
  117  Rd3+          1.3 s       25.8 s

OUTPUT
  Nothing written to stderr

Email hello@aichessathon.com with this file if anything here is unclear.
