AI CHESSATHON MATCH LOG
=======================

MATCH
  Round          Rated 63
  Team           IDK
  Colour         Black
  Opponent       hyperfish
  Opening        Petroff Defence
  Start FEN      rnbqkb1r/ppp2ppp/8/3p4/3Pn3/4BN2/PPP2PPP/RN1QKB1R b KQkq - 1 6
  You moved      First
  Machine        w-de0e76
  Finished       2026-09-08 09:31:54 UTC
  Match ID       8920a051-5dfd-499d-95aa-2ee02d11eda5

INIT
  Ready in       0.6 s
  Budget         90.0 s
  Used           1 percent

CLOCK
  Base           120.0 s plus 0.5 s per move
  Moves          46
  Time used      84.9 s
  Slowest        7.5 s on move 5
  Fastest        0.6 s on move 45
  Average        1.8 s
  Left at end    58.1 s

RESULT
  Lost by checkmate
  Game lasted 183.9 s

MOVES
    #  move          time     clock left
    1  Nc6           1.9 s      118.6 s
    2  Bf5           2.5 s      116.6 s
    3  Nxd2          2.7 s      114.4 s
    4  Bb4+          1.8 s      113.1 s
    5  O-O           7.5 s      106.1 s
    6  Re8           1.3 s      105.3 s
    7  Ba5           1.9 s      103.9 s
    8  Nxb4          1.7 s      102.8 s
    9  Bxb4          4.1 s       99.2 s
   10  a5            1.4 s       98.3 s
   11  Bxd3          1.2 s       97.5 s
   12  Qf6           1.5 s       96.6 s
   13  Rad8          1.3 s       95.7 s
   14  b6            4.4 s       91.8 s
   15  Bd6           1.4 s       90.9 s
   16  Ba3+          1.6 s       89.8 s
   17  Qxc6+         0.9 s       89.4 s
   18  bxc5          1.8 s       88.1 s
   19  Qxc5+         2.5 s       86.1 s
   20  d4            1.9 s       84.7 s
   21  d3            2.3 s       83.0 s
   22  Rc8           1.6 s       81.9 s
   23  Re2           0.8 s       81.6 s
   24  a4            1.4 s       80.7 s
   25  dxe2          3.7 s       77.5 s
   26  a3            1.2 s       76.8 s
   27  Re8           0.7 s       76.6 s
   28  h5            1.4 s       75.7 s
   29  Re6           1.2 s       74.9 s
   30  Rxe3          1.0 s       74.4 s
   31  Kf8           0.8 s       74.1 s
   32  Ke7           1.7 s       73.0 s
   33  Ke6           1.3 s       72.2 s
   34  Kd7           3.0 s       69.7 s
   35  f6            0.9 s       69.3 s
   36  g6            1.2 s       68.6 s
   37  Kc8           1.3 s       67.8 s
   38  Kb7           1.5 s       66.8 s
   39  Kc8           0.9 s       66.4 s
   40  fxe5+         0.9 s       66.0 s
   41  Kb7           1.9 s       64.6 s
   42  Kc8           4.3 s       60.8 s
   43  g5            0.8 s       60.5 s
   44  h4            1.6 s       59.4 s
   45  h3            0.6 s       59.3 s
   46  hxg2          1.7 s       58.1 s

OUTPUT
  Nothing written to stderr

Email hello@aichessathon.com with this file if anything here is unclear.
