AI CHESSATHON MATCH LOG
=======================

MATCH
  Round          Rated 75
  Team           IDK
  Colour         White
  Opponent       Chelsea's very own JP Morgan
  Opening        Sicilian Classical
  Start FEN      r1bqkb1r/pp3ppp/2np1n2/4p3/4P3/1NN2P2/PPP3PP/R1BQKB1R b KQkq - 1 7
  You moved      Second
  Machine        w-281221
  Finished       2026-09-08 21:26:54 UTC
  Match ID       4ef52a41-cc47-4761-85d0-e88360349cb1

INIT
  Ready in       0.6 s
  Budget         90.0 s
  Used           1 percent

CLOCK
  Base           120.0 s plus 0.5 s per move
  Moves          46
  Time used      83.2 s
  Slowest        5.4 s on move 5
  Fastest        0.8 s on move 20
  Average        1.8 s
  Left at end    59.8 s

RESULT
  Won by checkmate
  Game lasted 195.1 s

MOVES
    #  move          time     clock left
    1  Bc4           3.6 s      116.9 s
    2  Nb5           1.6 s      115.8 s
    3  Rf1           2.2 s      114.1 s
    4  Nc3           2.7 s      111.8 s
    5  Nd5           5.4 s      106.9 s
    6  exd5          3.0 s      104.4 s
    7  Nd2           1.5 s      103.5 s
    8  Bb3           1.6 s      102.4 s
    9  dxc6          3.4 s       99.5 s
   10  c4            2.2 s       97.9 s
   11  a3            1.6 s       96.7 s
   12  Kf2           2.5 s       94.7 s
   13  Kg3           1.0 s       94.2 s
   14  h3            1.3 s       93.4 s
   15  Kf2           1.4 s       92.5 s
   16  Kg3           0.9 s       92.1 s
   17  Kf2           2.5 s       90.1 s
   18  Ke1           2.4 s       88.2 s
   19  Ke2           1.9 s       86.7 s
   20  a4            0.8 s       86.4 s
   21  cxb5          3.1 s       83.8 s
   22  a5            1.6 s       82.7 s
   23  a6            1.7 s       81.4 s
   24  Ba4           1.9 s       80.1 s
   25  Nb3           1.2 s       79.4 s
   26  Qd3           1.2 s       78.7 s
   27  Rxa4          1.3 s       77.9 s
   28  Bd2           3.2 s       75.2 s
   29  Qxc2          1.2 s       74.6 s
   30  Nxd2          0.8 s       74.2 s
   31  a7            0.9 s       73.9 s
   32  Rc1           2.2 s       72.1 s
   33  Rb4           0.9 s       71.8 s
   34  Rxb3          1.4 s       70.8 s
   35  Nxb3          1.8 s       69.5 s
   36  Rc6           1.4 s       68.6 s
   37  Rb6           4.1 s       65.0 s
   38  Rb8           1.0 s       64.5 s
   39  a8=Q          1.0 s       64.0 s
   40  Rxf8+         1.1 s       63.4 s
   41  Qe8           0.9 s       63.0 s
   42  Qf7+          1.2 s       62.3 s
   43  Qxf6          1.3 s       61.5 s
   44  Kd1           1.5 s       60.5 s
   45  Rf7           0.9 s       60.1 s
   46  Qh4#          0.8 s       59.8 s

OUTPUT
  Nothing written to stderr

Email hello@aichessathon.com with this file if anything here is unclear.
