AI CHESSATHON MATCH LOG
=======================

MATCH
  Round          Rated 59
  Team           IDK
  Colour         Black
  Opponent       Hanging Pawns
  Opening        Petroff Defence
  Start FEN      rnbqk2r/ppp2ppp/3b4/3p4/3Pn3/2P2N1P/PP3PP1/RNBQKB1R w KQkq - 1 8
  You moved      Second
  Machine        w-0a44b0
  Finished       2026-09-07 20:31:56 UTC
  Match ID       9d2e8271-7376-4e32-bf14-3391f7a7fd8d

INIT
  Ready in       0.5 s
  Budget         90.0 s
  Used           1 percent

CLOCK
  Base           120.0 s plus 0.5 s per move
  Moves          65
  Time used      125.4 s
  Slowest        8.1 s on move 10
  Fastest        0.3 s on move 65
  Average        1.9 s
  Left at end    27.1 s

RESULT
  Lost by checkmate
  Game lasted 262.7 s

MOVES
    #  move          time     clock left
    1  O-O           5.9 s      114.6 s
    2  Bf5           1.6 s      113.4 s
    3  Re8           2.2 s      111.7 s
    4  Nd7           2.6 s      109.6 s
    5  Ndf6          1.8 s      108.3 s
    6  Qe7           1.9 s      106.9 s
    7  h6            3.7 s      103.7 s
    8  dxe4          2.8 s      101.4 s
    9  Nxe4          4.6 s       97.3 s
   10  Bg3           8.1 s       89.7 s
   11  Bf4           4.8 s       85.4 s
   12  Bxc1          4.9 s       80.9 s
   13  Bg6           4.9 s       76.5 s
   14  Bxd3          1.2 s       75.8 s
   15  Rad8          5.7 s       70.5 s
   16  Qd7           1.7 s       69.4 s
   17  a5            2.7 s       67.2 s
   18  c5            1.0 s       66.7 s
   19  Re7           2.6 s       64.6 s
   20  Qf5           3.5 s       61.6 s
   21  Qe6           1.9 s       60.2 s
   22  cxd4          3.1 s       57.6 s
   23  h5            2.1 s       56.0 s
   24  Qd5           3.0 s       53.5 s
   25  Qe6           2.0 s       51.9 s
   26  Qxh3          1.4 s       51.1 s
   27  Qc8           1.2 s       50.4 s
   28  Qc6           1.6 s       49.2 s
   29  Qc3           1.9 s       47.8 s
   30  Red7          1.9 s       46.4 s
   31  Qg3+          3.9 s       43.1 s
   32  Qc3           2.7 s       40.9 s
   33  Qc1+          1.0 s       40.4 s
   34  Qe3+          1.2 s       39.6 s
   35  Rc8           1.9 s       38.3 s
   36  Rcd8          0.4 s       38.4 s
   37  Qxg5          1.6 s       37.3 s
   38  Rc8           0.6 s       37.1 s
   39  Rc2+          0.4 s       37.2 s
   40  g6            0.9 s       36.8 s
   41  Rc3+          1.7 s       35.6 s
   42  Kh7           1.1 s       34.9 s
   43  Kxh6          0.8 s       34.7 s
   44  Rc2+          0.6 s       34.6 s
   45  Rc3+          0.6 s       34.4 s
   46  Rc2+          0.5 s       34.4 s
   47  Rxb7          0.5 s       34.4 s
   48  Rc1+          0.7 s       34.2 s
   49  Rc2+          0.8 s       33.9 s
   50  Rc5           0.5 s       34.0 s
   51  Rc3+          1.4 s       33.1 s
   52  Ra3           0.9 s       32.8 s
   53  Ra2+          0.5 s       32.7 s
   54  Ra3+          1.2 s       32.0 s
   55  Rd3           1.1 s       31.4 s
   56  Rd4+          1.6 s       30.3 s
   57  Rxa4          0.9 s       29.9 s
   58  Rxa6          0.5 s       29.9 s
   59  Rc6+          2.5 s       27.9 s
   60  Kh5           1.1 s       27.3 s
   61  Kg4           0.7 s       27.1 s
   62  Kg3           0.6 s       27.1 s
   63  g5            0.7 s       26.8 s
   64  g4            0.5 s       26.8 s
   65  Kg2           0.3 s       27.1 s

OUTPUT
  Nothing written to stderr

Email hello@aichessathon.com with this file if anything here is unclear.
